===== 阶段1: mixed-b3 重训（整场景 + meta2）(2026-09-03 18:54:16) =====
[2026-09-03 18:54:16] 显存不足 (13884MB < 28GB)，10 分钟后重试... (第 1 次)
[2026-09-03 19:04:16] 显存不足 (13884MB < 28GB)，10 分钟后重试... (第 2 次)
[2026-09-03 19:14:16] 显存不足 (13884MB < 28GB)，10 分钟后重试... (第 3 次)
[2026-09-03 19:24:16] 显存不足 (13884MB < 28GB)，10 分钟后重试... (第 4 次)
[2026-09-03 19:34:16] 显存不足 (13884MB < 28GB)，10 分钟后重试... (第 5 次)
[2026-09-03 19:44:17] 显存不足 (13884MB < 28GB)，10 分钟后重试... (第 6 次)
[2026-09-03 19:54:17] 显存不足 (13884MB < 28GB)，10 分钟后重试... (第 7 次)
[2026-09-03 20:04:17] 显存不足 (13884MB < 28GB)，10 分钟后重试... (第 8 次)
[2026-09-03 20:14:17] 显存不足 (13884MB < 28GB)，10 分钟后重试... (第 9 次)
[2026-09-03 20:24:17] 显存不足 (13884MB < 28GB)，10 分钟后重试... (第 10 次)
[2026-09-03 20:34:17] 显存不足 (13884MB < 28GB)，10 分钟后重试... (第 11 次)
[2026-09-03 20:44:17] 显存不足 (13884MB < 28GB)，10 分钟后重试... (第 12 次)
[2026-09-03 20:54:17] 显存不足 (13884MB < 28GB)，10 分钟后重试... (第 13 次)
[2026-09-03 21:04:17] 显存不足 (13884MB < 28GB)，10 分钟后重试... (第 14 次)
[2026-09-03 21:14:17] 显存不足 (13884MB < 28GB)，10 分钟后重试... (第 15 次)
[2026-09-03 21:24:17] 显存不足 (13884MB < 28GB)，10 分钟后重试... (第 16 次)
[2026-09-03 21:34:18] 显存不足 (13884MB < 28GB)，10 分钟后重试... (第 17 次)
[2026-09-03 21:44:18] 显存不足 (13884MB < 28GB)，10 分钟后重试... (第 18 次)
[2026-09-03 21:54:18] 显存不足 (13884MB < 28GB)，10 分钟后重试... (第 19 次)
[2026-09-03 22:04:18] 显存不足 (13884MB < 28GB)，10 分钟后重试... (第 20 次)
[2026-09-03 22:14:18] 显存不足 (13884MB < 28GB)，10 分钟后重试... (第 21 次)
[2026-09-03 22:24:18] 显存不足 (13884MB < 28GB)，10 分钟后重试... (第 22 次)
[2026-09-03 22:34:18] 显存不足 (13884MB < 28GB)，10 分钟后重试... (第 23 次)
[2026-09-03 22:44:18] 显存不足 (13884MB < 28GB)，10 分钟后重试... (第 24 次)
[2026-09-03 22:54:18] 显存不足 (13884MB < 28GB)，10 分钟后重试... (第 25 次)
[2026-09-03 23:04:18] 显存不足 (13884MB < 28GB)，10 分钟后重试... (第 26 次)
[2026-09-03 23:14:18] 显存不足 (13884MB < 28GB)，10 分钟后重试... (第 27 次)
[2026-09-03 23:24:18] 显存不足 (13884MB < 28GB)，10 分钟后重试... (第 28 次)
[2026-09-03 23:34:18] 显存不足 (13884MB < 28GB)，10 分钟后重试... (第 29 次)
[2026-09-03 23:44:19] 显存不足 (13884MB < 28GB)，10 分钟后重试... (第 30 次)
[2026-09-03 23:54:19] 显存不足 (13884MB < 28GB)，10 分钟后重试... (第 31 次)
[2026-09-04 00:04:19] 显存不足 (13884MB < 28GB)，10 分钟后重试... (第 32 次)
[2026-09-04 00:14:19] 显存不足 (13884MB < 28GB)，10 分钟后重试... (第 33 次)
[2026-09-04 00:24:19] 显存不足 (13884MB < 28GB)，10 分钟后重试... (第 34 次)
[2026-09-04 00:34:19] 显存不足 (13884MB < 28GB)，10 分钟后重试... (第 35 次)
[2026-09-04 00:44:19] 显存不足 (13884MB < 28GB)，10 分钟后重试... (第 36 次)
[2026-09-04 00:54:19] 显存不足 (13884MB < 28GB)，10 分钟后重试... (第 37 次)
[2026-09-04 01:04:19] 显存不足 (13884MB < 28GB)，10 分钟后重试... (第 38 次)
[2026-09-04 01:14:19] 显存不足 (13884MB < 28GB)，10 分钟后重试... (第 39 次)
[2026-09-04 01:24:19] 显存不足 (13884MB < 28GB)，10 分钟后重试... (第 40 次)
[2026-09-04 01:34:19] 显存不足 (13884MB < 28GB)，10 分钟后重试... (第 41 次)
[2026-09-04 01:44:19] 显存不足 (13884MB < 28GB)，10 分钟后重试... (第 42 次)
[2026-09-04 01:54:19] 显存不足 (13884MB < 28GB)，10 分钟后重试... (第 43 次)
[2026-09-04 02:04:19] 显存不足 (13884MB < 28GB)，10 分钟后重试... (第 44 次)
[2026-09-04 02:14:19] 显存不足 (13884MB < 28GB)，10 分钟后重试... (第 45 次)
[2026-09-04 02:24:19] 显存不足 (13884MB < 28GB)，10 分钟后重试... (第 46 次)
[2026-09-04 02:34:19] 显存不足 (13884MB < 28GB)，10 分钟后重试... (第 47 次)
[2026-09-04 02:44:20] 显存不足 (13884MB < 28GB)，10 分钟后重试... (第 48 次)
[2026-09-04 02:54:20] 显存不足 (13884MB < 28GB)，10 分钟后重试... (第 49 次)
[2026-09-04 03:04:20] 显存不足 (13884MB < 28GB)，10 分钟后重试... (第 50 次)
[2026-09-04 03:14:20] 显存不足 (13884MB < 28GB)，10 分钟后重试... (第 51 次)
[2026-09-04 03:24:20] 显存不足 (13884MB < 28GB)，10 分钟后重试... (第 52 次)
[2026-09-04 03:34:20] 显存不足 (13884MB < 28GB)，10 分钟后重试... (第 53 次)
[2026-09-04 03:44:20] 显存不足 (13884MB < 28GB)，10 分钟后重试... (第 54 次)
[2026-09-04 03:54:20] 显存不足 (13884MB < 28GB)，10 分钟后重试... (第 55 次)
[2026-09-04 04:04:20] 显存不足 (13884MB < 28GB)，10 分钟后重试... (第 56 次)
[2026-09-04 04:14:20] 显存不足 (13884MB < 28GB)，10 分钟后重试... (第 57 次)
[2026-09-04 04:24:20] 显存不足 (13884MB < 28GB)，10 分钟后重试... (第 58 次)
[2026-09-04 04:34:20] 显存不足 (13884MB < 28GB)，10 分钟后重试... (第 59 次)
[2026-09-04 04:44:20] 显存不足 (13884MB < 28GB)，10 分钟后重试... (第 60 次)
[2026-09-04 04:54:20] 显存不足 (13884MB < 28GB)，10 分钟后重试... (第 61 次)
[2026-09-04 05:04:21] 显存不足 (13884MB < 28GB)，10 分钟后重试... (第 62 次)
[2026-09-04 05:14:21] 显存不足 (13884MB < 28GB)，10 分钟后重试... (第 63 次)
[2026-09-04 05:24:21] 显存不足 (13884MB < 28GB)，10 分钟后重试... (第 64 次)
[2026-09-04 05:34:21] 显存不足 (13884MB < 28GB)，10 分钟后重试... (第 65 次)
[2026-09-04 05:44:21] 显存不足 (13884MB < 28GB)，10 分钟后重试... (第 66 次)
[2026-09-04 05:54:21] 显存不足 (13884MB < 28GB)，10 分钟后重试... (第 67 次)
[2026-09-04 06:04:21] 显存不足 (13884MB < 28GB)，10 分钟后重试... (第 68 次)
[2026-09-04 06:14:21] 显存不足 (13884MB < 28GB)，10 分钟后重试... (第 69 次)
[2026-09-04 06:24:21] 显存不足 (13884MB < 28GB)，10 分钟后重试... (第 70 次)
[2026-09-04 06:34:21] 显存不足 (13884MB < 28GB)，10 分钟后重试... (第 71 次)
[2026-09-04 06:44:21] 显存不足 (13884MB < 28GB)，10 分钟后重试... (第 72 次)
[2026-09-04 06:54:21] 显存不足 (13884MB < 28GB)，10 分钟后重试... (第 73 次)
[2026-09-04 07:04:21] 显存不足 (13884MB < 28GB)，10 分钟后重试... (第 74 次)
[2026-09-04 07:14:21] 显存不足 (13884MB < 28GB)，10 分钟后重试... (第 75 次)
[2026-09-04 07:24:21] 显存不足 (13884MB < 28GB)，10 分钟后重试... (第 76 次)
[2026-09-04 07:34:21] 显存不足 (13884MB < 28GB)，10 分钟后重试... (第 77 次)
[2026-09-04 07:44:22] 显存不足 (13884MB < 28GB)，10 分钟后重试... (第 78 次)
[2026-09-04 07:54:22] 显存不足 (13884MB < 28GB)，10 分钟后重试... (第 79 次)
[2026-09-04 08:04:22] 显存不足 (13884MB < 28GB)，10 分钟后重试... (第 80 次)
[2026-09-04 08:14:22] 显存不足 (13884MB < 28GB)，10 分钟后重试... (第 81 次)
[2026-09-04 08:24:22] 显存不足 (13884MB < 28GB)，10 分钟后重试... (第 82 次)
[2026-09-04 08:34:22] 显存不足 (13884MB < 28GB)，10 分钟后重试... (第 83 次)
[2026-09-04 08:44:22] 显存不足 (13884MB < 28GB)，10 分钟后重试... (第 84 次)
[2026-09-04 08:54:22] 显存不足 (13884MB < 28GB)，10 分钟后重试... (第 85 次)
[2026-09-04 09:04:22] 显存不足 (13884MB < 28GB)，10 分钟后重试... (第 86 次)
[2026-09-04 09:14:22] 显存不足 (13884MB < 28GB)，10 分钟后重试... (第 87 次)
[2026-09-04 09:24:22] 显存不足 (13884MB < 28GB)，10 分钟后重试... (第 88 次)
[2026-09-04 09:34:22] 显存不足 (13884MB < 28GB)，10 分钟后重试... (第 89 次)
[2026-09-04 09:44:23] 显存不足 (13884MB < 28GB)，10 分钟后重试... (第 90 次)
[2026-09-04 09:54:23] 显存不足 (13884MB < 28GB)，10 分钟后重试... (第 91 次)
[2026-09-04 10:04:23] 显存不足 (13884MB < 28GB)，10 分钟后重试... (第 92 次)
[2026-09-04 10:14:23] 显存不足 (13884MB < 28GB)，10 分钟后重试... (第 93 次)
[2026-09-04 10:24:23] 显存不足 (13884MB < 28GB)，10 分钟后重试... (第 94 次)
[2026-09-04 10:34:23] 显存不足 (13884MB < 28GB)，10 分钟后重试... (第 95 次)
[2026-09-04 10:44:23] 显存不足 (13884MB < 28GB)，10 分钟后重试... (第 96 次)
[2026-09-04 10:54:23] 显存不足 (13884MB < 28GB)，10 分钟后重试... (第 97 次)
[2026-09-04 11:04:23] 显存不足 (13884MB < 28GB)，10 分钟后重试... (第 98 次)
[2026-09-04 11:14:23] 显存不足 (13884MB < 28GB)，10 分钟后重试... (第 99 次)
[2026-09-04 11:24:23] 显存不足 (13884MB < 28GB)，10 分钟后重试... (第 100 次)
[2026-09-04 11:34:23] 显存不足 (13884MB < 28GB)，10 分钟后重试... (第 101 次)
[2026-09-04 11:44:24] 显存不足 (13884MB < 28GB)，10 分钟后重试... (第 102 次)
[2026-09-04 11:54:24] 显存不足 (13884MB < 28GB)，10 分钟后重试... (第 103 次)
[2026-09-04 12:04:24] 显存不足 (13884MB < 28GB)，10 分钟后重试... (第 104 次)
[2026-09-04 12:14:24] 显存不足 (13884MB < 28GB)，10 分钟后重试... (第 105 次)
[2026-09-04 12:24:24] 显存不足 (13884MB < 28GB)，10 分钟后重试... (第 106 次)
[2026-09-04 12:34:24] 显存不足 (13884MB < 28GB)，10 分钟后重试... (第 107 次)
[2026-09-04 12:44:24] 显存不足 (13884MB < 28GB)，10 分钟后重试... (第 108 次)
[2026-09-04 12:54:24] 显存不足 (13884MB < 28GB)，10 分钟后重试... (第 109 次)
[2026-09-04 13:04:24] 显存不足 (13884MB < 28GB)，10 分钟后重试... (第 110 次)
[2026-09-04 13:14:24] 显存不足 (13884MB < 28GB)，10 分钟后重试... (第 111 次)
[2026-09-04 13:24:24] 显存不足 (13884MB < 28GB)，10 分钟后重试... (第 112 次)
[2026-09-04 13:34:24] 显存不足 (13884MB < 28GB)，10 分钟后重试... (第 113 次)
[2026-09-04 13:44:25] 显存不足 (13884MB < 28GB)，10 分钟后重试... (第 114 次)
[2026-09-04 13:54:25] 显存不足 (13884MB < 28GB)，10 分钟后重试... (第 115 次)
[2026-09-04 14:04:25] 显存不足 (13884MB < 28GB)，10 分钟后重试... (第 116 次)
[2026-09-04 14:14:25] 显存不足 (13884MB < 28GB)，10 分钟后重试... (第 117 次)
[2026-09-04 14:24:25] 显存不足 (13884MB < 28GB)，10 分钟后重试... (第 118 次)
[2026-09-04 14:34:25] 显存不足 (13884MB < 28GB)，10 分钟后重试... (第 119 次)
[2026-09-04 14:44:25] 显存不足 (13884MB < 28GB)，10 分钟后重试... (第 120 次)
[2026-09-04 14:54:25] 显存不足 (13884MB < 28GB)，10 分钟后重试... (第 121 次)
[2026-09-04 15:04:25] 显存不足 (13884MB < 28GB)，10 分钟后重试... (第 122 次)
[2026-09-04 15:14:25] 显存不足 (13884MB < 28GB)，10 分钟后重试... (第 123 次)
[2026-09-04 15:24:25] 显存不足 (13884MB < 28GB)，10 分钟后重试... (第 124 次)
[2026-09-04 15:34:25] 显存不足 (13884MB < 28GB)，10 分钟后重试... (第 125 次)
[2026-09-04 15:44:25] 显存不足 (13884MB < 28GB)，10 分钟后重试... (第 126 次)
[2026-09-04 15:54:25] 显存不足 (13884MB < 28GB)，10 分钟后重试... (第 127 次)
[2026-09-04 16:04:25] 显存不足 (13884MB < 28GB)，10 分钟后重试... (第 128 次)
[2026-09-04 16:14:25] 显存不足 (13884MB < 28GB)，10 分钟后重试... (第 129 次)
[2026-09-04 16:24:26] 显存不足 (13884MB < 28GB)，10 分钟后重试... (第 130 次)
[2026-09-04 16:34:26] 显存不足 (13884MB < 28GB)，10 分钟后重试... (第 131 次)
[2026-09-04 16:44:26] 显存不足 (13884MB < 28GB)，10 分钟后重试... (第 132 次)
[2026-09-04 16:54:26] 显存不足 (13884MB < 28GB)，10 分钟后重试... (第 133 次)
[2026-09-04 17:04:26] 显存不足 (13884MB < 28GB)，10 分钟后重试... (第 134 次)
[2026-09-04 17:14:26] 显存不足 (13884MB < 28GB)，10 分钟后重试... (第 135 次)
[2026-09-04 17:24:26] 显存不足 (13884MB < 28GB)，10 分钟后重试... (第 136 次)
[2026-09-04 17:34:26] 显存不足 (13884MB < 28GB)，10 分钟后重试... (第 137 次)
[2026-09-04 17:44:26] 显存不足 (13884MB < 28GB)，10 分钟后重试... (第 138 次)
[2026-09-04 17:54:26] 显存不足 (13884MB < 28GB)，10 分钟后重试... (第 139 次)
[2026-09-04 18:04:26] 显存不足 (13884MB < 28GB)，10 分钟后重试... (第 140 次)
[2026-09-04 18:14:26] 显存不足 (13884MB < 28GB)，10 分钟后重试... (第 141 次)
[2026-09-04 18:24:27] 显存不足 (13884MB < 28GB)，10 分钟后重试... (第 142 次)
[2026-09-04 18:34:27] 显存不足 (13884MB < 28GB)，10 分钟后重试... (第 143 次)
[2026-09-04 18:44:27] 显存不足 (13884MB < 28GB)，10 分钟后重试... (第 144 次)
[2026-09-04 18:54:27] 显存不足 (13884MB < 28GB)，10 分钟后重试... (第 145 次)
[2026-09-04 19:04:27] 显存不足 (13884MB < 28GB)，10 分钟后重试... (第 146 次)
[2026-09-04 19:14:27] 显存不足 (13884MB < 28GB)，10 分钟后重试... (第 147 次)
[2026-09-04 19:24:27] 显存不足 (13884MB < 28GB)，10 分钟后重试... (第 148 次)
[2026-09-04 19:34:27] 显存不足 (13884MB < 28GB)，10 分钟后重试... (第 149 次)
阶段1 完成（尝试 #1）
===== 阶段2: 同口径评测 b3 (2026-09-05 13:59:11) =====
阶段2 尝试 #1 rc=0
===== B3 链完成 (2026-09-05 17:28:50) =====
B3 评测结果（对照论文 mIoU 0.311 / acc 0.762；B2 0.1992/0.7649）：
accuracy 0.7526 (paper 0.762, B2 0.7649)
mIoU      0.3467 (paper 0.311, B2 0.1992, Δvs paper +0.0357)
bleu4     0.0965
meteor    0.1747
rouge_l   0.3234
bertscore 0.8967
