===== 阶段1: mixed-b4a 重训（B3 配方 + 高帧段过采样）(2026-09-06 15:50:15) =====
[2026-09-06 15:50:16] 显存不足 (13884MB < 28GB)，10 分钟后重试... (第 1 次)
[2026-09-06 16:00:15] 显存不足 (13884MB < 28GB)，10 分钟后重试... (第 2 次)
[2026-09-06 16:10:15] 显存不足 (13884MB < 28GB)，10 分钟后重试... (第 3 次)
[2026-09-06 16:20:16] 显存不足 (9714MB < 28GB)，10 分钟后重试... (第 4 次)
[2026-09-06 16:30:16] 显存不足 (9714MB < 28GB)，10 分钟后重试... (第 5 次)
[2026-09-06 16:40:16] 显存不足 (13884MB < 28GB)，10 分钟后重试... (第 6 次)
[2026-09-06 16:50:16] 显存不足 (9714MB < 28GB)，10 分钟后重试... (第 7 次)
[2026-09-06 17:00:16] 显存不足 (9714MB < 28GB)，10 分钟后重试... (第 8 次)
[2026-09-06 17:10:16] 显存不足 (9714MB < 28GB)，10 分钟后重试... (第 9 次)
[2026-09-06 17:20:16] 显存不足 (9714MB < 28GB)，10 分钟后重试... (第 10 次)
[2026-09-06 17:30:16] 显存不足 (9712MB < 28GB)，10 分钟后重试... (第 11 次)
[2026-09-06 17:40:16] 显存不足 (9712MB < 28GB)，10 分钟后重试... (第 12 次)
[2026-09-06 17:50:16] 显存不足 (13882MB < 28GB)，10 分钟后重试... (第 13 次)
[2026-09-06 18:00:16] 显存不足 (9712MB < 28GB)，10 分钟后重试... (第 14 次)
[2026-09-06 18:10:16] 显存不足 (9712MB < 28GB)，10 分钟后重试... (第 15 次)
[2026-09-06 18:20:16] 显存不足 (9712MB < 28GB)，10 分钟后重试... (第 16 次)
[2026-09-06 18:30:16] 显存不足 (9712MB < 28GB)，10 分钟后重试... (第 17 次)
[2026-09-06 18:40:17] 显存不足 (9712MB < 28GB)，10 分钟后重试... (第 18 次)
[2026-09-06 18:50:17] 显存不足 (9712MB < 28GB)，10 分钟后重试... (第 19 次)
[2026-09-06 19:00:17] 显存不足 (9712MB < 28GB)，10 分钟后重试... (第 20 次)
[2026-09-06 19:10:17] 显存不足 (9712MB < 28GB)，10 分钟后重试... (第 21 次)
[2026-09-06 19:20:17] 显存不足 (9712MB < 28GB)，10 分钟后重试... (第 22 次)
[2026-09-06 19:30:17] 显存不足 (9712MB < 28GB)，10 分钟后重试... (第 23 次)
[2026-09-06 19:40:17] 显存不足 (9712MB < 28GB)，10 分钟后重试... (第 24 次)
[2026-09-06 19:50:17] 显存不足 (7277MB < 28GB)，10 分钟后重试... (第 25 次)
[2026-09-06 20:00:17] 显存不足 (7339MB < 28GB)，10 分钟后重试... (第 26 次)
[2026-09-06 20:10:17] 显存不足 (13882MB < 28GB)，10 分钟后重试... (第 27 次)
[2026-09-06 20:20:17] 显存不足 (9712MB < 28GB)，10 分钟后重试... (第 28 次)
[2026-09-06 20:30:17] 显存不足 (9712MB < 28GB)，10 分钟后重试... (第 29 次)
[2026-09-06 20:40:18] 显存不足 (9712MB < 28GB)，10 分钟后重试... (第 30 次)
[2026-09-06 20:50:18] 显存不足 (9712MB < 28GB)，10 分钟后重试... (第 31 次)
[2026-09-06 21:00:18] 显存不足 (9712MB < 28GB)，10 分钟后重试... (第 32 次)
[2026-09-06 21:10:18] 显存不足 (9712MB < 28GB)，10 分钟后重试... (第 33 次)
[2026-09-06 21:20:18] 显存不足 (13882MB < 28GB)，10 分钟后重试... (第 34 次)
[2026-09-06 21:30:18] 显存不足 (9712MB < 28GB)，10 分钟后重试... (第 35 次)
[2026-09-06 21:40:18] 显存不足 (9712MB < 28GB)，10 分钟后重试... (第 36 次)
[2026-09-06 21:50:18] 显存不足 (9712MB < 28GB)，10 分钟后重试... (第 37 次)
[2026-09-06 22:00:18] 显存不足 (9712MB < 28GB)，10 分钟后重试... (第 38 次)
[2026-09-06 22:10:18] 显存不足 (9712MB < 28GB)，10 分钟后重试... (第 39 次)
[2026-09-06 22:20:18] 显存不足 (9712MB < 28GB)，10 分钟后重试... (第 40 次)
[2026-09-06 22:30:18] 显存不足 (13882MB < 28GB)，10 分钟后重试... (第 41 次)
[2026-09-06 22:40:18] 显存不足 (13882MB < 28GB)，10 分钟后重试... (第 42 次)
[2026-09-06 22:50:19] 显存不足 (13882MB < 28GB)，10 分钟后重试... (第 43 次)
[2026-09-06 23:00:19] 显存不足 (13882MB < 28GB)，10 分钟后重试... (第 44 次)
[2026-09-06 23:10:19] 显存不足 (13882MB < 28GB)，10 分钟后重试... (第 45 次)
[2026-09-06 23:20:19] 显存不足 (13882MB < 28GB)，10 分钟后重试... (第 46 次)
[2026-09-06 23:30:19] 显存不足 (13882MB < 28GB)，10 分钟后重试... (第 47 次)
[2026-09-06 23:40:19] 显存不足 (13882MB < 28GB)，10 分钟后重试... (第 48 次)
[2026-09-06 23:50:19] 显存不足 (13882MB < 28GB)，10 分钟后重试... (第 49 次)
[2026-09-07 00:00:19] 显存不足 (13882MB < 28GB)，10 分钟后重试... (第 50 次)
[2026-09-07 00:10:19] 显存不足 (13882MB < 28GB)，10 分钟后重试... (第 51 次)
[2026-09-07 00:20:19] 显存不足 (13882MB < 28GB)，10 分钟后重试... (第 52 次)
[2026-09-07 00:30:19] 显存不足 (13882MB < 28GB)，10 分钟后重试... (第 53 次)
[2026-09-07 00:40:19] 显存不足 (13882MB < 28GB)，10 分钟后重试... (第 54 次)
[2026-09-07 00:50:19] 显存不足 (13882MB < 28GB)，10 分钟后重试... (第 55 次)
[2026-09-07 01:00:19] 显存不足 (13882MB < 28GB)，10 分钟后重试... (第 56 次)
[2026-09-07 01:10:19] 显存不足 (13882MB < 28GB)，10 分钟后重试... (第 57 次)
[2026-09-07 01:20:20] 显存不足 (13882MB < 28GB)，10 分钟后重试... (第 58 次)
[2026-09-07 01:30:20] 显存不足 (13882MB < 28GB)，10 分钟后重试... (第 59 次)
[2026-09-07 01:40:20] 显存不足 (13882MB < 28GB)，10 分钟后重试... (第 60 次)
[2026-09-07 01:50:20] 显存不足 (13882MB < 28GB)，10 分钟后重试... (第 61 次)
[2026-09-07 02:00:20] 显存不足 (13882MB < 28GB)，10 分钟后重试... (第 62 次)
[2026-09-07 02:10:20] 显存不足 (13882MB < 28GB)，10 分钟后重试... (第 63 次)
[2026-09-07 02:20:20] 显存不足 (13882MB < 28GB)，10 分钟后重试... (第 64 次)
[2026-09-07 02:30:20] 显存不足 (13882MB < 28GB)，10 分钟后重试... (第 65 次)
[2026-09-07 02:40:20] 显存不足 (13882MB < 28GB)，10 分钟后重试... (第 66 次)
[2026-09-07 02:50:20] 显存不足 (13882MB < 28GB)，10 分钟后重试... (第 67 次)
[2026-09-07 03:00:20] 显存不足 (13882MB < 28GB)，10 分钟后重试... (第 68 次)
[2026-09-07 03:10:20] 显存不足 (13882MB < 28GB)，10 分钟后重试... (第 69 次)
[2026-09-07 03:20:20] 显存不足 (13882MB < 28GB)，10 分钟后重试... (第 70 次)
[2026-09-07 03:30:20] 显存不足 (13882MB < 28GB)，10 分钟后重试... (第 71 次)
[2026-09-07 03:40:20] 显存不足 (13882MB < 28GB)，10 分钟后重试... (第 72 次)
[2026-09-07 03:50:20] 显存不足 (13882MB < 28GB)，10 分钟后重试... (第 73 次)
[2026-09-07 04:00:20] 显存不足 (13882MB < 28GB)，10 分钟后重试... (第 74 次)
[2026-09-07 04:10:21] 显存不足 (13882MB < 28GB)，10 分钟后重试... (第 75 次)
[2026-09-07 04:20:21] 显存不足 (13882MB < 28GB)，10 分钟后重试... (第 76 次)
[2026-09-07 04:30:21] 显存不足 (13882MB < 28GB)，10 分钟后重试... (第 77 次)
[2026-09-07 04:40:21] 显存不足 (13882MB < 28GB)，10 分钟后重试... (第 78 次)
[2026-09-07 04:50:21] 显存不足 (13882MB < 28GB)，10 分钟后重试... (第 79 次)
[2026-09-07 05:00:21] 显存不足 (13882MB < 28GB)，10 分钟后重试... (第 80 次)
[2026-09-07 05:10:21] 显存不足 (13882MB < 28GB)，10 分钟后重试... (第 81 次)
[2026-09-07 05:20:21] 显存不足 (13882MB < 28GB)，10 分钟后重试... (第 82 次)
[2026-09-07 05:30:21] 显存不足 (13882MB < 28GB)，10 分钟后重试... (第 83 次)
[2026-09-07 05:40:21] 显存不足 (13882MB < 28GB)，10 分钟后重试... (第 84 次)
[2026-09-07 05:50:21] 显存不足 (13882MB < 28GB)，10 分钟后重试... (第 85 次)
阶段1 完成（尝试 #1）
===== 阶段2: 同口径评测 b4a (2026-09-08 07:40:38) =====
阶段2 尝试 #1 rc=124
