============================================================
B4DL Stage2 全量训练
启动时间: Sun Aug  9 17:09:38 CST 2026
数据: b4dl_dataset/stage2_full_train.json (118,722 条)
日志文件: ./training_logs/stage2_full_20260809_170938.log
============================================================
[2026-08-09 17:09:40,048] [INFO] [real_accelerator.py:222:get_accelerator] Setting ds_accelerator to cuda (auto detect)
[2026-08-09 17:09:43,086] [WARNING] [runner.py:215:fetch_hostfile] Unable to find hostfile, will proceed with training with local resources only.
[2026-08-09 17:09:43,086] [INFO] [runner.py:607:main] cmd = /root/miniconda3/bin/python3.13 -u -m deepspeed.launcher.launch --world_info=eyJsb2NhbGhvc3QiOiBbMF19 --master_addr=127.0.0.1 --master_port=29575 --enable_each_rank_log=None vtimellm/train/train_mem.py --deepspeed ./scripts/zero3.json --lora_enable True --model_name_or_path ./base_model/vicuna-v1-5-7b --version v1 --data_path ./b4dl_dataset/stage2_full_train.json --feat_folder ../encoders/lidarclip/b4dl/stage2_features --pretrain_mm_mlp_adapter ./checkpoints/vtimellm-vicuna-v1-5-7b-stage1/mm_projector.bin --output_dir ./checkpoints/vtimellm-vicuna-v1-5-7b-stage2-full --bf16 True --num_train_epochs 3 --per_device_train_batch_size 8 --gradient_accumulation_steps 16 --evaluation_strategy no --save_strategy steps --save_steps 500 --save_total_limit 3 --learning_rate 1e-4 --freeze_mm_mlp_adapter True --lora_r 64 --lora_alpha 128 --weight_decay 0. --warmup_ratio 0.03 --lr_scheduler_type cosine --logging_steps 1 --tf32 True --model_max_length 2048 --gradient_checkpointing True --dataloader_num_workers 4 --lazy_preprocess True --report_to wandb
[2026-08-09 17:09:44,330] [INFO] [real_accelerator.py:222:get_accelerator] Setting ds_accelerator to cuda (auto detect)
[2026-08-09 17:09:47,254] [INFO] [launch.py:146:main] WORLD INFO DICT: {'localhost': [0]}
[2026-08-09 17:09:47,254] [INFO] [launch.py:152:main] nnodes=1, num_local_procs=1, node_rank=0
[2026-08-09 17:09:47,254] [INFO] [launch.py:163:main] global_rank_mapping=defaultdict(<class 'list'>, {'localhost': [0]})
[2026-08-09 17:09:47,254] [INFO] [launch.py:164:main] dist_world_size=1
[2026-08-09 17:09:47,254] [INFO] [launch.py:168:main] Setting CUDA_VISIBLE_DEVICES=0
[2026-08-09 17:09:47,255] [INFO] [launch.py:256:main] process 234851 spawned with command: ['/root/miniconda3/bin/python3.13', '-u', 'vtimellm/train/train_mem.py', '--local_rank=0', '--deepspeed', './scripts/zero3.json', '--lora_enable', 'True', '--model_name_or_path', './base_model/vicuna-v1-5-7b', '--version', 'v1', '--data_path', './b4dl_dataset/stage2_full_train.json', '--feat_folder', '../encoders/lidarclip/b4dl/stage2_features', '--pretrain_mm_mlp_adapter', './checkpoints/vtimellm-vicuna-v1-5-7b-stage1/mm_projector.bin', '--output_dir', './checkpoints/vtimellm-vicuna-v1-5-7b-stage2-full', '--bf16', 'True', '--num_train_epochs', '3', '--per_device_train_batch_size', '8', '--gradient_accumulation_steps', '16', '--evaluation_strategy', 'no', '--save_strategy', 'steps', '--save_steps', '500', '--save_total_limit', '3', '--learning_rate', '1e-4', '--freeze_mm_mlp_adapter', 'True', '--lora_r', '64', '--lora_alpha', '128', '--weight_decay', '0.', '--warmup_ratio', '0.03', '--lr_scheduler_type', 'cosine', '--logging_steps', '1', '--tf32', 'True', '--model_max_length', '2048', '--gradient_checkpointing', 'True', '--dataloader_num_workers', '4', '--lazy_preprocess', 'True', '--report_to', 'wandb']
/root/autodl-tmp/wql/mmb4dl/mllm/vtimellm/train/../..
[2026-08-09 17:09:50,984] [INFO] [real_accelerator.py:222:get_accelerator] Setting ds_accelerator to cuda (auto detect)
[INFO] Running in WANDB offline mode
Traceback (most recent call last):
  File "/root/autodl-tmp/wql/mmb4dl/mllm/vtimellm/train/train_mem.py", line 21, in <module>
    from train import train
  File "/root/autodl-tmp/wql/mmb4dl/mllm/vtimellm/train/train.py", line 43, in <module>
    from vtimellm.train.vtimellm_trainer import VTimeLLMTrainer
  File "/root/autodl-tmp/wql/mmb4dl/mllm/vtimellm/train/vtimellm_trainer.py", line 4, in <module>
    from transformers import Trainer
  File "/root/miniconda3/lib/python3.13/site-packages/transformers/utils/import_utils.py", line 2226, in __getattr__
    module = self._get_module(self._class_to_module[name])
  File "/root/miniconda3/lib/python3.13/site-packages/transformers/utils/import_utils.py", line 2460, in _get_module
    raise e
  File "/root/miniconda3/lib/python3.13/site-packages/transformers/utils/import_utils.py", line 2458, in _get_module
    return importlib.import_module("." + module_name, self.__name__)
           ~~~~~~~~~~~~~~~~~~~~~~~^^^^^^^^^^^^^^^^^^^^^^^^^^^^^^^^^^
  File "/root/miniconda3/lib/python3.13/importlib/__init__.py", line 88, in import_module
    return _bootstrap._gcd_import(name[level:], package, level)
           ~~~~~~~~~~~~~~~~~~~~~~^^^^^^^^^^^^^^^^^^^^^^^^^^^^^^
  File "/root/miniconda3/lib/python3.13/site-packages/transformers/trainer.py", line 39, in <module>
    from .integrations import (
        get_reporting_integration_callbacks,
    )
  File "/root/miniconda3/lib/python3.13/site-packages/transformers/utils/import_utils.py", line 2226, in __getattr__
    module = self._get_module(self._class_to_module[name])
  File "/root/miniconda3/lib/python3.13/site-packages/transformers/utils/import_utils.py", line 2460, in _get_module
    raise e
  File "/root/miniconda3/lib/python3.13/site-packages/transformers/utils/import_utils.py", line 2458, in _get_module
    return importlib.import_module("." + module_name, self.__name__)
           ~~~~~~~~~~~~~~~~~~~~~~~^^^^^^^^^^^^^^^^^^^^^^^^^^^^^^^^^^
  File "/root/miniconda3/lib/python3.13/importlib/__init__.py", line 88, in import_module
    return _bootstrap._gcd_import(name[level:], package, level)
           ~~~~~~~~~~~~~~~~~~~~~~^^^^^^^^^^^^^^^^^^^^^^^^^^^^^^
  File "/root/miniconda3/lib/python3.13/site-packages/transformers/integrations/integration_utils.py", line 43, in <module>
    from .. import PreTrainedModel, TrainingArguments
  File "/root/miniconda3/lib/python3.13/site-packages/transformers/utils/import_utils.py", line 2226, in __getattr__
    module = self._get_module(self._class_to_module[name])
  File "/root/miniconda3/lib/python3.13/site-packages/transformers/utils/import_utils.py", line 2460, in _get_module
    raise e
  File "/root/miniconda3/lib/python3.13/site-packages/transformers/utils/import_utils.py", line 2458, in _get_module
    return importlib.import_module("." + module_name, self.__name__)
           ~~~~~~~~~~~~~~~~~~~~~~~^^^^^^^^^^^^^^^^^^^^^^^^^^^^^^^^^^
  File "/root/miniconda3/lib/python3.13/importlib/__init__.py", line 88, in import_module
    return _bootstrap._gcd_import(name[level:], package, level)
           ~~~~~~~~~~~~~~~~~~~~~~^^^^^^^^^^^^^^^^^^^^^^^^^^^^^^
  File "/root/miniconda3/lib/python3.13/site-packages/transformers/training_args.py", line 27, in <module>
    from .trainer_utils import (
    ...<5 lines>...
    )
  File "/root/miniconda3/lib/python3.13/site-packages/transformers/trainer_utils.py", line 66, in <module>
    from peft import PeftMixedModel, PeftModel
ImportError: cannot import name 'PeftMixedModel' from 'peft' (/root/miniconda3/lib/python3.13/site-packages/peft/__init__.py)
[2026-08-09 17:09:54,256] [INFO] [launch.py:319:sigkill_handler] Killing subprocess 234851
[2026-08-09 17:09:54,256] [ERROR] [launch.py:325:sigkill_handler] ['/root/miniconda3/bin/python3.13', '-u', 'vtimellm/train/train_mem.py', '--local_rank=0', '--deepspeed', './scripts/zero3.json', '--lora_enable', 'True', '--model_name_or_path', './base_model/vicuna-v1-5-7b', '--version', 'v1', '--data_path', './b4dl_dataset/stage2_full_train.json', '--feat_folder', '../encoders/lidarclip/b4dl/stage2_features', '--pretrain_mm_mlp_adapter', './checkpoints/vtimellm-vicuna-v1-5-7b-stage1/mm_projector.bin', '--output_dir', './checkpoints/vtimellm-vicuna-v1-5-7b-stage2-full', '--bf16', 'True', '--num_train_epochs', '3', '--per_device_train_batch_size', '8', '--gradient_accumulation_steps', '16', '--evaluation_strategy', 'no', '--save_strategy', 'steps', '--save_steps', '500', '--save_total_limit', '3', '--learning_rate', '1e-4', '--freeze_mm_mlp_adapter', 'True', '--lora_r', '64', '--lora_alpha', '128', '--weight_decay', '0.', '--warmup_ratio', '0.03', '--lr_scheduler_type', 'cosine', '--logging_steps', '1', '--tf32', 'True', '--model_max_length', '2048', '--gradient_checkpointing', 'True', '--dataloader_num_workers', '4', '--lazy_preprocess', 'True', '--report_to', 'wandb'] exits with return code = 1

============================================================
训练完成时间: Sun Aug  9 17:09:55 CST 2026
============================================================
