[08-29 16:54:25] 监控v2启动 规则: 500步降幅<1% floor=26375 hard_cap=31550 间隔=600s 数据源=train_loss.csv
[08-29 17:04:25] CSV 点不足（7 行），等待
[08-29 17:14:25] CSV 点不足（13 行），等待
[08-29 17:24:25] step=21900 cur(250步均值)=0.08989 ref(-500步)=0.08516 降幅=-5.56%
[08-29 17:24:25]   未达判停下限，继续
[08-29 17:34:25] step=22200 cur(250步均值)=0.08542 ref(-500步)=0.07821 降幅=-9.21%
[08-29 17:34:25]   未达判停下限，继续
[08-29 17:44:25] step=22500 cur(250步均值)=0.08284 ref(-500步)=0.08932 降幅=7.25%
[08-29 17:44:25]   未达判停下限，继续
[08-29 17:54:26] step=22650 cur(250步均值)=0.08349 ref(-500步)=0.08876 降幅=5.94%
[08-29 17:54:26]   未达判停下限，继续
[08-29 18:04:26] step=22900 cur(250步均值)=0.08283 ref(-500步)=0.08129 降幅=-1.89%
[08-29 18:04:26]   未达判停下限，继续
[08-29 18:14:26] step=23150 cur(250步均值)=0.08269 ref(-500步)=0.08321 降幅=0.62%
[08-29 18:14:26]   未达判停下限，继续
[08-29 18:24:26] step=23450 cur(250步均值)=0.08415 ref(-500步)=0.08326 降幅=-1.07%
[08-29 18:24:26]   未达判停下限，继续
[08-29 18:34:26] step=23750 cur(250步均值)=0.08599 ref(-500步)=0.08085 降幅=-6.37%
[08-29 18:34:26]   未达判停下限，继续
[08-29 18:44:26] step=24050 cur(250步均值)=0.08227 ref(-500步)=0.08524 降幅=3.48%
[08-29 18:44:26]   未达判停下限，继续
[08-29 18:54:27] step=24300 cur(250步均值)=0.08803 ref(-500步)=0.08425 降幅=-4.49%
[08-29 18:54:27]   未达判停下限，继续
[08-29 19:04:27] step=24600 cur(250步均值)=0.07865 ref(-500步)=0.08471 降幅=7.15%
[08-29 19:04:27]   未达判停下限，继续
[08-29 19:14:27] step=24900 cur(250步均值)=0.08398 ref(-500步)=0.08917 降幅=5.82%
[08-29 19:14:27]   未达判停下限，继续
[08-29 19:24:27] step=25150 cur(250步均值)=0.08001 ref(-500步)=0.07877 降幅=-1.57%
[08-29 19:24:27]   未达判停下限，继续
[08-29 19:34:27] step=25400 cur(250步均值)=0.08406 ref(-500步)=0.08321 降幅=-1.02%
[08-29 19:34:27]   未达判停下限，继续
[08-29 19:44:27] step=25700 cur(250步均值)=0.08488 ref(-500步)=0.08173 降幅=-3.87%
[08-29 19:44:27]   未达判停下限，继续
[08-29 19:54:27] step=25950 cur(250步均值)=0.08137 ref(-500步)=0.08344 降幅=2.48%
[08-29 19:54:27]   未达判停下限，继续
[08-29 20:04:28] step=26250 cur(250步均值)=0.08321 ref(-500步)=0.08427 降幅=1.26%
[08-29 20:04:28]   未达判停下限，继续
[08-29 20:14:28] step=26400 cur(250步均值)=0.08587 ref(-500步)=0.08181 降幅=-4.97%
[08-29 20:14:28]   满足判停条件（连续 1/2）
[08-29 20:24:28] step=26550 cur(250步均值)=0.08097 ref(-500步)=0.08117 降幅=0.25%
[08-29 20:24:28]   满足判停条件（连续 2/2）
[08-29 20:24:28] === 触发停止：loss 连续 500 步降幅 <1%（CSV 真值，连续 2 次确认） ===
[08-29 20:24:28] 训练进程: [190968, 190972, 221431, 221432, 221433, 221434, 221436, 221438, 221439, 221440, 221441, 221442, 221445, 221446, 221447, 221448, 221450, 221451]
[08-29 20:25:24] 停止后残留: 无
[08-29 20:25:24] 状态已写入 /root/autodl-tmp/wql/mmb4dl/encoders/lidarclip/logs/early_stop_state_v2.json；监控退出。下一步（重提特征）由用户指示后进行。
