[2026-08-29 16:36:01,976] [INFO] [real_accelerator.py:222:get_accelerator] Setting ds_accelerator to cuda (auto detect)
/root/autodl-tmp/.conda-stuff/envs/wqlc/lib/python3.10/site-packages/lightning_fabric/connector.py:571: `precision=16` is supported for historical reasons but its usage is discouraged. Please set your precision to 16-mixed instead!
Using 16bit Automatic Mixed Precision (AMP)
GPU available: True (cuda), used: True
TPU available: False, using: 0 TPU cores
💡 Tip: For seamless cloud logging and experiment tracking, try installing [litlogger](https://pypi.org/project/litlogger/) to enable LitLogger, which logs metrics and artifacts automatically to the Lightning Experiments platform.
wandb: WARNING The anonymous setting has no effect and will be removed in a future version.
wandb: Tracking run with wandb version 0.27.0
wandb: W&B syncing is set to `offline` in this directory. Run `wandb online` or set WANDB_MODE=online to enable cloud syncing.
wandb: Run data is saved locally in wandb/offline-run-20260829_163653-lidarclip_mm
You are using a CUDA device ('NVIDIA GeForce RTX 5090') that has Tensor Cores. To properly utilize them, you should set `torch.set_float32_matmul_precision('medium' | 'high')` which will trade-off precision for performance. For more details, read https://pytorch.org/docs/stable/generated/torch.set_float32_matmul_precision.html#torch.set_float32_matmul_precision
/root/autodl-tmp/.conda-stuff/envs/wqlc/lib/python3.10/site-packages/pytorch_lightning/callbacks/model_checkpoint.py:881: Checkpoint directory /root/autodl-tmp/wql/mmb4dl/encoders/lidarclip/ckpt_nuscenes/lidarclip_mm exists and is not empty.
Restoring states from the checkpoint path at ckpt_nuscenes/lidarclip_mm/last.ckpt
LOCAL_RANK: 0 - CUDA_VISIBLE_DEVICES: [0]
/root/autodl-tmp/.conda-stuff/envs/wqlc/lib/python3.10/site-packages/pytorch_lightning/utilities/model_summary/model_summary.py:242: Precision 16-mixed is not supported by the model summary.  Estimated model size in MB will not be accurate. Using 32 bits instead.
clip_embedding_dim_is:  768
======
Loading NuScenes tables for version v1.0-trainval...
23 category,
8 attribute,
4 visibility,
64386 instance,
12 sensor,
10200 calibrated_sensor,
2631083 ego_pose,
68 log,
850 scene,
34149 sample,
2631083 sample_data,
1166187 sample_annotation,
4 map,
Done loading in 30.868 seconds.
======
Reverse indexing ...
Done reverse indexing in 6.9 seconds.
======
ok_scene_tokens:  850
ok_scene_tokens after filtering:  700
┏━━━┳━━━━━━━━━━━━━━━┳━━━━━━━━━━━━━━━━━┳━━━━━━━━┳━━━━━━━┳━━━━━━━┓
┃   ┃ Name          ┃ Type            ┃ Params ┃ Mode  ┃ FLOPs ┃
┡━━━╇━━━━━━━━━━━━━━━╇━━━━━━━━━━━━━━━━━╇━━━━━━━━╇━━━━━━━╇━━━━━━━┩
│ 0 │ lidar_encoder │ LidarEncoderSST │  8.5 M │ train │     0 │
│ 1 │ clip          │ CLIP            │  427 M │ eval  │     0 │
└───┴───────────────┴─────────────────┴────────┴───────┴───────┘
Trainable params: 8.5 M                                                         
Non-trainable params: 427 M                                                     
Total params: 436 M                                                             
Total estimated model params size (MB): 1,744.285                               
Modules in train mode: 119                                                      
Modules in eval mode: 335                                                       
Total FLOPs: 0                                                                  
Restored all states from the checkpoint at ckpt_nuscenes/lidarclip_mm/last.ckpt
/root/autodl-tmp/.conda-stuff/envs/wqlc/lib/python3.10/site-packages/pytorch_lightning/loops/fit_loop.py:538: Found 335 module(s) in eval mode at the start of training. This may lead to unexpected behavior during training. If this is intentional, you can ignore this warning.
/root/autodl-tmp/.conda-stuff/envs/wqlc/lib/python3.10/site-packages/pytorch_lightning/loops/training_epoch_loop.py:224: You're resuming from a checkpoint that ended before the epoch ended and your dataloader is not resumable. This can cause unreliable results if further training is done. Consider using an end-of-epoch checkpoint or make your dataloader resumable by implementing the `state_dict` / `load_state_dict` interface.
drop_info is set to {0: {'max_tokens': 30, 'drop_range': (0, 30)}, 1: {'max_tokens': 60, 'drop_range': (30, 60)}, 2: {'max_tokens': 100, 'drop_range': (60, 100)}, 3: {'max_tokens': 200, 'drop_range': (100, 200)}, 4: {'max_tokens': 250, 'drop_range': (200, 100000)}}, in input_layer
[rank: 0] Received SIGTERM: 15
Epoch 5/19 ╸                     200/5275 0:16:57 • 6:37:43 0.21it/s v_num: p_mm
Traceback (most recent call last):
  File "/root/autodl-tmp/.conda-stuff/envs/wqlc/lib/python3.10/site-packages/pytorch_lightning/trainer/call.py", line 49, in _call_and_handle_interrupt
    return trainer_fn(*args, **kwargs)
  File "/root/autodl-tmp/.conda-stuff/envs/wqlc/lib/python3.10/site-packages/pytorch_lightning/trainer/trainer.py", line 630, in _fit_impl
    self._run(model, ckpt_path=ckpt_path, weights_only=weights_only)
  File "/root/autodl-tmp/.conda-stuff/envs/wqlc/lib/python3.10/site-packages/pytorch_lightning/trainer/trainer.py", line 1079, in _run
    results = self._run_stage()
  File "/root/autodl-tmp/.conda-stuff/envs/wqlc/lib/python3.10/site-packages/pytorch_lightning/trainer/trainer.py", line 1123, in _run_stage
    self.fit_loop.run()
  File "/root/autodl-tmp/.conda-stuff/envs/wqlc/lib/python3.10/site-packages/pytorch_lightning/loops/fit_loop.py", line 217, in run
    self.advance()
  File "/root/autodl-tmp/.conda-stuff/envs/wqlc/lib/python3.10/site-packages/pytorch_lightning/loops/fit_loop.py", line 469, in advance
    self.epoch_loop.run(self._data_fetcher)
  File "/root/autodl-tmp/.conda-stuff/envs/wqlc/lib/python3.10/site-packages/pytorch_lightning/loops/training_epoch_loop.py", line 154, in run
    self.on_advance_end(data_fetcher)
  File "/root/autodl-tmp/.conda-stuff/envs/wqlc/lib/python3.10/site-packages/pytorch_lightning/loops/training_epoch_loop.py", line 422, in on_advance_end
    raise SIGTERMException
pytorch_lightning.utilities.exceptions.SIGTERMException

During handling of the above exception, another exception occurred:

Traceback (most recent call last):
  File "/root/autodl-tmp/wql/mmb4dl/encoders/lidarclip/train.py", line 233, in <module>
    parser.add_argument("--nuscenes-split", default="train")
  File "/root/autodl-tmp/wql/mmb4dl/encoders/lidarclip/train.py", line 203, in train
    LossCSVCallback(os.path.join("logs", "train_loss.csv"), every_n_steps=50),
  File "/root/autodl-tmp/.conda-stuff/envs/wqlc/lib/python3.10/site-packages/pytorch_lightning/trainer/trainer.py", line 584, in fit
    call._call_and_handle_interrupt(
  File "/root/autodl-tmp/.conda-stuff/envs/wqlc/lib/python3.10/site-packages/pytorch_lightning/trainer/call.py", line 70, in _call_and_handle_interrupt
    trainer._teardown()
  File "/root/autodl-tmp/.conda-stuff/envs/wqlc/lib/python3.10/site-packages/pytorch_lightning/trainer/trainer.py", line 1102, in _teardown
    self.strategy.teardown()
  File "/root/autodl-tmp/.conda-stuff/envs/wqlc/lib/python3.10/site-packages/pytorch_lightning/strategies/strategy.py", line 536, in teardown
    self.lightning_module.cpu()
  File "/root/autodl-tmp/.conda-stuff/envs/wqlc/lib/python3.10/site-packages/lightning_fabric/utilities/device_dtype_mixin.py", line 86, in cpu
    return super().cpu()
  File "/root/autodl-tmp/.conda-stuff/envs/wqlc/lib/python3.10/site-packages/torch/nn/modules/module.py", line 1150, in cpu
    return self._apply(lambda t: t.cpu())
  File "/root/autodl-tmp/.conda-stuff/envs/wqlc/lib/python3.10/site-packages/torch/nn/modules/module.py", line 928, in _apply
    module._apply(fn)
  File "/root/autodl-tmp/.conda-stuff/envs/wqlc/lib/python3.10/site-packages/torch/nn/modules/module.py", line 928, in _apply
    module._apply(fn)
  File "/root/autodl-tmp/.conda-stuff/envs/wqlc/lib/python3.10/site-packages/torch/nn/modules/module.py", line 928, in _apply
    module._apply(fn)
  [Previous line repeated 4 more times]
  File "/root/autodl-tmp/.conda-stuff/envs/wqlc/lib/python3.10/site-packages/torch/nn/modules/module.py", line 955, in _apply
    param_applied = fn(param)
  File "/root/autodl-tmp/.conda-stuff/envs/wqlc/lib/python3.10/site-packages/torch/nn/modules/module.py", line 1150, in <lambda>
    return self._apply(lambda t: t.cpu())
  File "/root/autodl-tmp/.conda-stuff/envs/wqlc/lib/python3.10/site-packages/torch/utils/data/_utils/signal_handling.py", line 73, in handler
    _error_if_any_worker_fails()
RuntimeError: DataLoader worker (pid 221433) is killed by signal: Terminated. 
Traceback (most recent call last):
  File "/root/autodl-tmp/.conda-stuff/envs/wqlc/lib/python3.10/site-packages/pytorch_lightning/trainer/call.py", line 49, in _call_and_handle_interrupt
    return trainer_fn(*args, **kwargs)
  File "/root/autodl-tmp/.conda-stuff/envs/wqlc/lib/python3.10/site-packages/pytorch_lightning/trainer/trainer.py", line 630, in _fit_impl
    self._run(model, ckpt_path=ckpt_path, weights_only=weights_only)
  File "/root/autodl-tmp/.conda-stuff/envs/wqlc/lib/python3.10/site-packages/pytorch_lightning/trainer/trainer.py", line 1079, in _run
    results = self._run_stage()
  File "/root/autodl-tmp/.conda-stuff/envs/wqlc/lib/python3.10/site-packages/pytorch_lightning/trainer/trainer.py", line 1123, in _run_stage
    self.fit_loop.run()
  File "/root/autodl-tmp/.conda-stuff/envs/wqlc/lib/python3.10/site-packages/pytorch_lightning/loops/fit_loop.py", line 217, in run
    self.advance()
  File "/root/autodl-tmp/.conda-stuff/envs/wqlc/lib/python3.10/site-packages/pytorch_lightning/loops/fit_loop.py", line 469, in advance
    self.epoch_loop.run(self._data_fetcher)
  File "/root/autodl-tmp/.conda-stuff/envs/wqlc/lib/python3.10/site-packages/pytorch_lightning/loops/training_epoch_loop.py", line 154, in run
    self.on_advance_end(data_fetcher)
  File "/root/autodl-tmp/.conda-stuff/envs/wqlc/lib/python3.10/site-packages/pytorch_lightning/loops/training_epoch_loop.py", line 422, in on_advance_end
    raise SIGTERMException
pytorch_lightning.utilities.exceptions.SIGTERMException

During handling of the above exception, another exception occurred:

Traceback (most recent call last):
  File "/root/autodl-tmp/wql/mmb4dl/encoders/lidarclip/train.py", line 233, in <module>
    parser.add_argument("--nuscenes-split", default="train")
  File "/root/autodl-tmp/wql/mmb4dl/encoders/lidarclip/train.py", line 203, in train
    LossCSVCallback(os.path.join("logs", "train_loss.csv"), every_n_steps=50),
  File "/root/autodl-tmp/.conda-stuff/envs/wqlc/lib/python3.10/site-packages/pytorch_lightning/trainer/trainer.py", line 584, in fit
    call._call_and_handle_interrupt(
  File "/root/autodl-tmp/.conda-stuff/envs/wqlc/lib/python3.10/site-packages/pytorch_lightning/trainer/call.py", line 70, in _call_and_handle_interrupt
    trainer._teardown()
  File "/root/autodl-tmp/.conda-stuff/envs/wqlc/lib/python3.10/site-packages/pytorch_lightning/trainer/trainer.py", line 1102, in _teardown
    self.strategy.teardown()
  File "/root/autodl-tmp/.conda-stuff/envs/wqlc/lib/python3.10/site-packages/pytorch_lightning/strategies/strategy.py", line 536, in teardown
    self.lightning_module.cpu()
  File "/root/autodl-tmp/.conda-stuff/envs/wqlc/lib/python3.10/site-packages/lightning_fabric/utilities/device_dtype_mixin.py", line 86, in cpu
    return super().cpu()
  File "/root/autodl-tmp/.conda-stuff/envs/wqlc/lib/python3.10/site-packages/torch/nn/modules/module.py", line 1150, in cpu
    return self._apply(lambda t: t.cpu())
  File "/root/autodl-tmp/.conda-stuff/envs/wqlc/lib/python3.10/site-packages/torch/nn/modules/module.py", line 928, in _apply
    module._apply(fn)
  File "/root/autodl-tmp/.conda-stuff/envs/wqlc/lib/python3.10/site-packages/torch/nn/modules/module.py", line 928, in _apply
    module._apply(fn)
  File "/root/autodl-tmp/.conda-stuff/envs/wqlc/lib/python3.10/site-packages/torch/nn/modules/module.py", line 928, in _apply
    module._apply(fn)
  [Previous line repeated 4 more times]
  File "/root/autodl-tmp/.conda-stuff/envs/wqlc/lib/python3.10/site-packages/torch/nn/modules/module.py", line 955, in _apply
    param_applied = fn(param)
  File "/root/autodl-tmp/.conda-stuff/envs/wqlc/lib/python3.10/site-packages/torch/nn/modules/module.py", line 1150, in <lambda>
    return self._apply(lambda t: t.cpu())
  File "/root/autodl-tmp/.conda-stuff/envs/wqlc/lib/python3.10/site-packages/torch/utils/data/_utils/signal_handling.py", line 73, in handler
    _error_if_any_worker_fails()
RuntimeError: DataLoader worker (pid 221433) is killed by signal: Terminated. 
[1;34mwandb[0m: 
[1;34mwandb[0m: You can sync this run to the cloud by running:
[1;34mwandb[0m: [1mwandb sync wandb/offline-run-20260829_163653-lidarclip_mm[0m
